// Jest Snapshot v1, https://goo.gl/fbAQLP

exports[`should match snapshot 1`] = `
Object {
  "asFragment": [Function],
  "baseElement": <body>
    <div>
      <div
        class="App"
      >
        <div
          class="header-holder"
        >
          <div
            class="headers"
          >
            Strikes
            <div
              class="count-box"
            >
              0
            </div>
          </div>
          <div
            class="headers"
          >
            Balls
            <div
              class="count-box"
            >
              0
            </div>
          </div>
        </div>
        <div
          class="buttons"
        >
          <button
            class="button"
          >
            Strike!
          </button>
          <button
            class="button"
          >
            Ball!
          </button>
          <button
            class="button"
          >
            Foul!
          </button>
          <button
            class="button"
          >
            Hit!
          </button>
        </div>
      </div>
    </div>
  </body>,
  "container": <div>
    <div
      class="App"
    >
      <div
        class="header-holder"
      >
        <div
          class="headers"
        >
          Strikes
          <div
            class="count-box"
          >
            0
          </div>
        </div>
        <div
          class="headers"
        >
          Balls
          <div
            class="count-box"
          >
            0
          </div>
        </div>
      </div>
      <div
        class="buttons"
      >
        <button
          class="button"
        >
          Strike!
        </button>
        <button
          class="button"
        >
          Ball!
        </button>
        <button
          class="button"
        >
          Foul!
        </button>
        <button
          class="button"
        >
          Hit!
        </button>
      </div>
    </div>
  </div>,
  "debug": [Function],
  "findAllByAltText": [Function],
  "findAllByDisplayValue": [Function],
  "findAllByLabelText": [Function],
  "findAllByPlaceholderText": [Function],
  "findAllByRole": [Function],
  "findAllByTestId": [Function],
  "findAllByText": [Function],
  "findAllByTitle": [Function],
  "findByAltText": [Function],
  "findByDisplayValue": [Function],
  "findByLabelText": [Function],
  "findByPlaceholderText": [Function],
  "findByRole": [Function],
  "findByTestId": [Function],
  "findByText": [Function],
  "findByTitle": [Function],
  "getAllByAltText": [Function],
  "getAllByDisplayValue": [Function],
  "getAllByLabelText": [Function],
  "getAllByPlaceholderText": [Function],
  "getAllByRole": [Function],
  "getAllByTestId": [Function],
  "getAllByText": [Function],
  "getAllByTitle": [Function],
  "getByAltText": [Function],
  "getByDisplayValue": [Function],
  "getByLabelText": [Function],
  "getByPlaceholderText": [Function],
  "getByRole": [Function],
  "getByTestId": [Function],
  "getByText": [Function],
  "getByTitle": [Function],
  "queryAllByAltText": [Function],
  "queryAllByDisplayValue": [Function],
  "queryAllByLabelText": [Function],
  "queryAllByPlaceholderText": [Function],
  "queryAllByRole": [Function],
  "queryAllByTestId": [Function],
  "queryAllByText": [Function],
  "queryAllByTitle": [Function],
  "queryByAltText": [Function],
  "queryByDisplayValue": [Function],
  "queryByLabelText": [Function],
  "queryByPlaceholderText": [Function],
  "queryByRole": [Function],
  "queryByTestId": [Function],
  "queryByText": [Function],
  "queryByTitle": [Function],
  "rerender": [Function],
  "unmount": [Function],
}
`;
